14:22:47 **** Incremental Build of configuration Debug for project SmartInsole ****
make all 
Building file: ../Src/adc_reader.c
Invoking: MCU GCC Compiler
C:\Users\mario\Desktop\smartInsole\smartInsole\SmartInsole\SmartInsole\Debug
arm-none-eabi-gcc -mcpu=cortex-m4 -mthumb -mfloat-abi=hard -mfpu=fpv4-sp-d16 '-D__weak=__attribute__((weak))' '-D__packed=__attribute__((__packed__))' -DUSE_HAL_DRIVER -DSTM32F401xE -I"C:/Users/mario/Desktop/smartInsole/smartInsole/SmartInsole/SmartInsole/Inc" -I"C:/Users/mario/Desktop/smartInsole/smartInsole/SmartInsole/SmartInsole/Drivers/STM32F4xx_HAL_Driver/Inc" -I"C:/Users/mario/Desktop/smartInsole/smartInsole/SmartInsole/SmartInsole/Drivers/STM32F4xx_HAL_Driver/Inc/Legacy" -I"C:/Users/mario/Desktop/smartInsole/smartInsole/SmartInsole/SmartInsole/Drivers/CMSIS/Device/ST/STM32F4xx/Include" -I"C:/Users/mario/Desktop/smartInsole/smartInsole/SmartInsole/SmartInsole/Drivers/CMSIS/Include"  -O2 -g3 -Wall -fmessage-length=0 -ffunction-sections -c -fmessage-length=0 -MMD -MP -MF"Src/adc_reader.d" -MT"Src/adc_reader.o" -o "Src/adc_reader.o" "../Src/adc_reader.c"
../Src/adc_reader.c: In function 'static_read':
../Src/adc_reader.c:47:43: warning: implicit declaration of function 'strlen' [-Wimplicit-function-declaration]
  HAL_UART_Transmit(huart, (uint8_t*)msg1, strlen(msg1), 0xFFFF);
                                           ^~~~~~
../Src/adc_reader.c:47:43: warning: incompatible implicit declaration of built-in function 'strlen'
../Src/adc_reader.c:47:43: note: include '<string.h>' or provide a declaration of 'strlen'
../Src/adc_reader.c: In function 'dynamic_read':
../Src/adc_reader.c:61:43: warning: incompatible implicit declaration of built-in function 'strlen'
  HAL_UART_Transmit(huart, (uint8_t*)msg1, strlen(msg1), 0xFFFF);
                                           ^~~~~~
../Src/adc_reader.c:61:43: note: include '<string.h>' or provide a declaration of 'strlen'
../Src/adc_reader.c: In function 'adc_read_values':
../Src/adc_reader.c:72:7: warning: unused variable 'msg1' [-Wunused-variable]
  char msg1[1000];
       ^~~~
../Src/adc_reader.c: In function 'adc_read_dynamic_values':
../Src/adc_reader.c:108:11: warning: unused variable 'z' [-Wunused-variable]
  uint16_t z = adc_buffer[5];
           ^
../Src/adc_reader.c:107:11: warning: unused variable 'y' [-Wunused-variable]
  uint16_t y = adc_buffer[4];
           ^
../Src/adc_reader.c:106:11: warning: unused variable 'x' [-Wunused-variable]
  uint16_t x = adc_buffer[3];
           ^
Finished building: ../Src/adc_reader.c
 
Building target: SmartInsole.elf
Invoking: MCU GCC Linker
arm-none-eabi-gcc -mcpu=cortex-m4 -mthumb -mfloat-abi=hard -mfpu=fpv4-sp-d16 -specs=nosys.specs -specs=nano.specs -u _printf_float -T"../STM32F401RETx_FLASH.ld" -Wl,-Map=output.map -Wl,--gc-sections -o "SmartInsole.elf" @"objects.list"   -lm
Finished building target: SmartInsole.elf
 
make --no-print-directory post-build
Generating hex and Printing size information:
arm-none-eabi-objcopy -O ihex "SmartInsole.elf" "SmartInsole.hex"
arm-none-eabi-size "SmartInsole.elf"
   text	   data	    bss	    dec	    hex	filename
  24944	    508	   2008	  27460	   6b44	SmartInsole.elf
 

14:22:49 Build Finished (took 1s.487ms)

